// Jest Snapshot v1, https://goo.gl/fbAQLP

exports[`styles snapshot 1`] = `
".wrapper-0-0-1 {
  color: rgb(255, 255, 255);
  margin: 24px;
  background: url(\\"image.png\\");
  padding-top: 24px;
  padding-left: 40px;
  padding-right: 40px;
  padding-bottom: 24px;
}
.button-0-0-2 {
  color: hsla(360deg, 100%, 50%, 0.5);
}
.button-0-0-2:hover {
  background: blue;
}
.tab-0-0-3 {
  color: red;
  margin: 24px 24px;
}
.tabRed-0-0-4 {
  background: url(\\"image.png\\"), url(\\"image.png\\") !important;
  margin: 24px 24px !important;
}
@font-face {
  font-display: auto;
}
:hover {
  color: blue;
}"
`;
